--------------------------------------------------------------------------------------
Timing Analyzer Summary
--------------------------------------------------------------------------------------

Type           : Worst-case tco
Slack          : N/A
Required Time  : None
Actual Time    : 97.267 ns
From           : buffer:inst48|ff:inst1|lpm_ff:lpm_ff_component|dffs[0]
To             : aluS[16]
From Clock     : clk
To Clock       : --
Failed Paths   : 0

Type           : Clock Setup: 'clk'
Slack          : N/A
Required Time  : None
Actual Time    : 10.92 MHz ( period = 91.597 ns )
From           : buffer:inst48|ff:inst1|lpm_ff:lpm_ff_component|dffs[0]
To             : buffer:inst6|ff:inst|lpm_ff:lpm_ff_component|dffs[24]
From Clock     : clk
To Clock       : clk
Failed Paths   : 0

Type           : Clock Hold: 'clk'
Slack          : Not operational: Clock Skew > Data Delay
Required Time  : None
Actual Time    : N/A
From           : buffer:inst6|ff:inst|lpm_ff:lpm_ff_component|dffs[6]
To             : data_MEM:inst35|lpm_ram_dp2:inst|altsyncram:altsyncram_component|altsyncram_v1p1:auto_generated|ram_block1a0~porta_address_reg4
From Clock     : clk
To Clock       : clk
Failed Paths   : 460

Type           : Total number of failed paths
Slack          : 
Required Time  : 
Actual Time    : 
From           : 
To             : 
From Clock     : 
To Clock       : 
Failed Paths   : 460

--------------------------------------------------------------------------------------

