Flow report for CAP
Mon Aug 03 16:47:32 2020
Quartus II Version 9.0 Build 132 02/25/2009 SJ Web Edition


---------------------
; Table of Contents ;
---------------------
  1. Legal Notice
  2. Flow Summary
  3. Flow Settings
  4. Flow Non-Default Global Settings
  5. Flow Elapsed Time
  6. Flow OS Summary
  7. Flow Log



----------------
; Legal Notice ;
----------------
Copyright (C) 1991-2009 Altera Corporation
Your use of Altera Corporation's design tools, logic functions 
and other software and tools, and its AMPP partner logic 
functions, and any output files from any of the foregoing 
(including device programming or simulation files), and any 
associated documentation or information are expressly subject 
to the terms and conditions of the Altera Program License 
Subscription Agreement, Altera MegaCore Function License 
Agreement, or other applicable license agreement, including, 
without limitation, that your use is for the sole purpose of 
programming logic devices manufactured by Altera and sold by 
Altera or its authorized distributors.  Please refer to the 
applicable agreement for further details.



+-------------------------------------------------------------------------+
; Flow Summary                                                            ;
+-------------------------------+-----------------------------------------+
; Flow Status                   ; Successful - Mon Aug 03 16:47:24 2020   ;
; Quartus II Version            ; 9.0 Build 132 02/25/2009 SJ Web Edition ;
; Revision Name                 ; CAP                                     ;
; Top-level Entity Name         ; CAP                                     ;
; Family                        ; Stratix II                              ;
; Met timing requirements       ; No                                      ;
; Logic utilization             ; 30 %                                    ;
;     Combinational ALUTs       ; 2,828 / 12,480 ( 23 % )                 ;
;     Dedicated logic registers ; 1,401 / 12,480 ( 11 % )                 ;
; Total registers               ; 1401                                    ;
; Total pins                    ; 66 / 343 ( 19 % )                       ;
; Total virtual pins            ; 0                                       ;
; Total block memory bits       ; 16,384 / 419,328 ( 4 % )                ;
; DSP block 9-bit elements      ; 8 / 96 ( 8 % )                          ;
; Total PLLs                    ; 0 / 6 ( 0 % )                           ;
; Total DLLs                    ; 0 / 2 ( 0 % )                           ;
; Device                        ; EP2S15F484C3                            ;
; Timing Models                 ; Final                                   ;
+-------------------------------+-----------------------------------------+


+-----------------------------------------+
; Flow Settings                           ;
+-------------------+---------------------+
; Option            ; Setting             ;
+-------------------+---------------------+
; Start date & time ; 08/03/2020 16:46:30 ;
; Main task         ; Compilation         ;
; Revision Name     ; CAP                 ;
+-------------------+---------------------+


+--------------------------------------------------------------------------------------------------------------------------------------------+
; Flow Non-Default Global Settings                                                                                                           ;
+------------------------------------+--------------------------------------------------------+---------------+-------------+----------------+
; Assignment Name                    ; Value                                                  ; Default Value ; Entity Name ; Section Id     ;
+------------------------------------+--------------------------------------------------------+---------------+-------------+----------------+
; COMPILER_SIGNATURE_ID              ; 93328258312094.159645699017776                         ; --            ; --          ; --             ;
; IP_TOOL_NAME                       ; RAM: 2-PORT                                            ; --            ; --          ; --             ;
; IP_TOOL_NAME                       ; LPM_FF                                                 ; --            ; --          ; --             ;
; IP_TOOL_NAME                       ; LPM_MUX                                                ; --            ; --          ; --             ;
; IP_TOOL_NAME                       ; LPM_ADD_SUB                                            ; --            ; --          ; --             ;
; IP_TOOL_NAME                       ; LPM_FF                                                 ; --            ; --          ; --             ;
; IP_TOOL_NAME                       ; LPM_MUX                                                ; --            ; --          ; --             ;
; IP_TOOL_NAME                       ; LPM_ADD_SUB                                            ; --            ; --          ; --             ;
; IP_TOOL_NAME                       ; LPM_COMPARE                                            ; --            ; --          ; --             ;
; IP_TOOL_NAME                       ; LPM_XOR                                                ; --            ; --          ; --             ;
; IP_TOOL_NAME                       ; LPM_INV                                                ; --            ; --          ; --             ;
; IP_TOOL_NAME                       ; LPM_AND                                                ; --            ; --          ; --             ;
; IP_TOOL_NAME                       ; LPM_CLSHIFT                                            ; --            ; --          ; --             ;
; IP_TOOL_NAME                       ; LPM_CLSHIFT                                            ; --            ; --          ; --             ;
; IP_TOOL_NAME                       ; LPM_CONSTANT                                           ; --            ; --          ; --             ;
; IP_TOOL_NAME                       ; LPM_DIVIDE                                             ; --            ; --          ; --             ;
; IP_TOOL_NAME                       ; LPM_DECODE                                             ; --            ; --          ; --             ;
; IP_TOOL_NAME                       ; LPM_RAM_DP                                             ; --            ; --          ; --             ;
; IP_TOOL_NAME                       ; LPM_SHIFTREG                                           ; --            ; --          ; --             ;
; IP_TOOL_NAME                       ; LPM_DECODE                                             ; --            ; --          ; --             ;
; IP_TOOL_NAME                       ; LPM_MUX                                                ; --            ; --          ; --             ;
; IP_TOOL_NAME                       ; LPM_COUNTER                                            ; --            ; --          ; --             ;
; IP_TOOL_NAME                       ; LPM_FF                                                 ; --            ; --          ; --             ;
; IP_TOOL_NAME                       ; LPM_FF                                                 ; --            ; --          ; --             ;
; IP_TOOL_NAME                       ; LPM_RAM_DP                                             ; --            ; --          ; --             ;
; IP_TOOL_NAME                       ; LPM_DECODE                                             ; --            ; --          ; --             ;
; IP_TOOL_NAME                       ; LPM_MUX                                                ; --            ; --          ; --             ;
; IP_TOOL_NAME                       ; LPM_MUX                                                ; --            ; --          ; --             ;
; IP_TOOL_NAME                       ; LPM_MUX                                                ; --            ; --          ; --             ;
; IP_TOOL_NAME                       ; LPM_OR                                                 ; --            ; --          ; --             ;
; IP_TOOL_NAME                       ; LPM_COMPARE                                            ; --            ; --          ; --             ;
; IP_TOOL_NAME                       ; LPM_COMPARE                                            ; --            ; --          ; --             ;
; IP_TOOL_NAME                       ; LPM_COMPARE                                            ; --            ; --          ; --             ;
; IP_TOOL_NAME                       ; LPM_COMPARE                                            ; --            ; --          ; --             ;
; IP_TOOL_NAME                       ; LPM_COMPARE                                            ; --            ; --          ; --             ;
; IP_TOOL_NAME                       ; LPM_COMPARE                                            ; --            ; --          ; --             ;
; IP_TOOL_NAME                       ; LPM_COMPARE                                            ; --            ; --          ; --             ;
; IP_TOOL_NAME                       ; LPM_DECODE                                             ; --            ; --          ; --             ;
; IP_TOOL_NAME                       ; LPM_BUSTRI                                             ; --            ; --          ; --             ;
; IP_TOOL_NAME                       ; ALTFP_ADD_SUB                                          ; --            ; --          ; --             ;
; IP_TOOL_NAME                       ; LPM_MUX                                                ; --            ; --          ; --             ;
; IP_TOOL_NAME                       ; ALTFP_MULT                                             ; --            ; --          ; --             ;
; IP_TOOL_NAME                       ; ALTFP_DIV                                              ; --            ; --          ; --             ;
; IP_TOOL_NAME                       ; ALTFP_INV                                              ; --            ; --          ; --             ;
; IP_TOOL_NAME                       ; ALTFP_COMPARE                                          ; --            ; --          ; --             ;
; IP_TOOL_NAME                       ; LPM_MUX                                                ; --            ; --          ; --             ;
; IP_TOOL_NAME                       ; ALTFP_CONVERT                                          ; --            ; --          ; --             ;
; IP_TOOL_NAME                       ; LPM_CONSTANT                                           ; --            ; --          ; --             ;
; IP_TOOL_NAME                       ; LPM_MUX                                                ; --            ; --          ; --             ;
; IP_TOOL_NAME                       ; LPM_DECODE                                             ; --            ; --          ; --             ;
; IP_TOOL_NAME                       ; LPM_COMPARE                                            ; --            ; --          ; --             ;
; IP_TOOL_NAME                       ; LPM_MUX                                                ; --            ; --          ; --             ;
; IP_TOOL_NAME                       ; LPM_COMPARE                                            ; --            ; --          ; --             ;
; IP_TOOL_NAME                       ; LPM_COMPARE                                            ; --            ; --          ; --             ;
; IP_TOOL_NAME                       ; LPM_COMPARE                                            ; --            ; --          ; --             ;
; IP_TOOL_NAME                       ; LPM_COMPARE                                            ; --            ; --          ; --             ;
; IP_TOOL_NAME                       ; LPM_COMPARE                                            ; --            ; --          ; --             ;
; IP_TOOL_NAME                       ; LPM_COMPARE                                            ; --            ; --          ; --             ;
; IP_TOOL_NAME                       ; LPM_FF                                                 ; --            ; --          ; --             ;
; IP_TOOL_NAME                       ; LPM_COMPARE                                            ; --            ; --          ; --             ;
; IP_TOOL_NAME                       ; LPM_DECODE                                             ; --            ; --          ; --             ;
; IP_TOOL_NAME                       ; LPM_COUNTER                                            ; --            ; --          ; --             ;
; IP_TOOL_VERSION                    ; 9.0                                                    ; --            ; --          ; --             ;
; IP_TOOL_VERSION                    ; 9.0                                                    ; --            ; --          ; --             ;
; IP_TOOL_VERSION                    ; 9.0                                                    ; --            ; --          ; --             ;
; IP_TOOL_VERSION                    ; 9.0                                                    ; --            ; --          ; --             ;
; IP_TOOL_VERSION                    ; 9.0                                                    ; --            ; --          ; --             ;
; IP_TOOL_VERSION                    ; 9.0                                                    ; --            ; --          ; --             ;
; IP_TOOL_VERSION                    ; 9.0                                                    ; --            ; --          ; --             ;
; IP_TOOL_VERSION                    ; 9.0                                                    ; --            ; --          ; --             ;
; IP_TOOL_VERSION                    ; 9.0                                                    ; --            ; --          ; --             ;
; IP_TOOL_VERSION                    ; 9.0                                                    ; --            ; --          ; --             ;
; IP_TOOL_VERSION                    ; 9.0                                                    ; --            ; --          ; --             ;
; IP_TOOL_VERSION                    ; 9.0                                                    ; --            ; --          ; --             ;
; IP_TOOL_VERSION                    ; 9.0                                                    ; --            ; --          ; --             ;
; IP_TOOL_VERSION                    ; 9.0                                                    ; --            ; --          ; --             ;
; IP_TOOL_VERSION                    ; 9.0                                                    ; --            ; --          ; --             ;
; IP_TOOL_VERSION                    ; 9.0                                                    ; --            ; --          ; --             ;
; IP_TOOL_VERSION                    ; 9.0                                                    ; --            ; --          ; --             ;
; IP_TOOL_VERSION                    ; 9.0                                                    ; --            ; --          ; --             ;
; IP_TOOL_VERSION                    ; 9.0                                                    ; --            ; --          ; --             ;
; IP_TOOL_VERSION                    ; 9.0                                                    ; --            ; --          ; --             ;
; IP_TOOL_VERSION                    ; 9.0                                                    ; --            ; --          ; --             ;
; IP_TOOL_VERSION                    ; 9.0                                                    ; --            ; --          ; --             ;
; IP_TOOL_VERSION                    ; 9.0                                                    ; --            ; --          ; --             ;
; IP_TOOL_VERSION                    ; 9.0                                                    ; --            ; --          ; --             ;
; IP_TOOL_VERSION                    ; 9.0                                                    ; --            ; --          ; --             ;
; IP_TOOL_VERSION                    ; 9.0                                                    ; --            ; --          ; --             ;
; IP_TOOL_VERSION                    ; 9.0                                                    ; --            ; --          ; --             ;
; IP_TOOL_VERSION                    ; 9.0                                                    ; --            ; --          ; --             ;
; IP_TOOL_VERSION                    ; 9.0                                                    ; --            ; --          ; --             ;
; IP_TOOL_VERSION                    ; 9.0                                                    ; --            ; --          ; --             ;
; IP_TOOL_VERSION                    ; 9.0                                                    ; --            ; --          ; --             ;
; IP_TOOL_VERSION                    ; 9.0                                                    ; --            ; --          ; --             ;
; IP_TOOL_VERSION                    ; 9.0                                                    ; --            ; --          ; --             ;
; IP_TOOL_VERSION                    ; 9.0                                                    ; --            ; --          ; --             ;
; IP_TOOL_VERSION                    ; 9.0                                                    ; --            ; --          ; --             ;
; IP_TOOL_VERSION                    ; 9.0                                                    ; --            ; --          ; --             ;
; IP_TOOL_VERSION                    ; 9.0                                                    ; --            ; --          ; --             ;
; IP_TOOL_VERSION                    ; 9.0                                                    ; --            ; --          ; --             ;
; IP_TOOL_VERSION                    ; 9.0                                                    ; --            ; --          ; --             ;
; IP_TOOL_VERSION                    ; 9.0                                                    ; --            ; --          ; --             ;
; IP_TOOL_VERSION                    ; 9.0                                                    ; --            ; --          ; --             ;
; IP_TOOL_VERSION                    ; 9.0                                                    ; --            ; --          ; --             ;
; IP_TOOL_VERSION                    ; 9.0                                                    ; --            ; --          ; --             ;
; IP_TOOL_VERSION                    ; 9.0                                                    ; --            ; --          ; --             ;
; IP_TOOL_VERSION                    ; 9.0                                                    ; --            ; --          ; --             ;
; IP_TOOL_VERSION                    ; 9.0                                                    ; --            ; --          ; --             ;
; IP_TOOL_VERSION                    ; 9.0                                                    ; --            ; --          ; --             ;
; IP_TOOL_VERSION                    ; 9.0                                                    ; --            ; --          ; --             ;
; IP_TOOL_VERSION                    ; 9.0                                                    ; --            ; --          ; --             ;
; IP_TOOL_VERSION                    ; 9.0                                                    ; --            ; --          ; --             ;
; IP_TOOL_VERSION                    ; 9.0                                                    ; --            ; --          ; --             ;
; IP_TOOL_VERSION                    ; 9.0                                                    ; --            ; --          ; --             ;
; IP_TOOL_VERSION                    ; 9.0                                                    ; --            ; --          ; --             ;
; IP_TOOL_VERSION                    ; 9.0                                                    ; --            ; --          ; --             ;
; IP_TOOL_VERSION                    ; 9.0                                                    ; --            ; --          ; --             ;
; IP_TOOL_VERSION                    ; 9.0                                                    ; --            ; --          ; --             ;
; IP_TOOL_VERSION                    ; 9.0                                                    ; --            ; --          ; --             ;
; IP_TOOL_VERSION                    ; 9.0                                                    ; --            ; --          ; --             ;
; IP_TOOL_VERSION                    ; 9.0                                                    ; --            ; --          ; --             ;
; IP_TOOL_VERSION                    ; 9.0                                                    ; --            ; --          ; --             ;
; IP_TOOL_VERSION                    ; 9.0                                                    ; --            ; --          ; --             ;
; MISC_FILE                          ; C:/Users/Masih/Desktop/CAP/FF_E_Hajabdolla/CAP/CAP.dpf ; --            ; --          ; --             ;
; MISC_FILE                          ; ram.bsf                                                ; --            ; --          ; --             ;
; MISC_FILE                          ; ram_inst.v                                             ; --            ; --          ; --             ;
; MISC_FILE                          ; ram_bb.v                                               ; --            ; --          ; --             ;
; MISC_FILE                          ; ram.inc                                                ; --            ; --          ; --             ;
; MISC_FILE                          ; ram.cmp                                                ; --            ; --          ; --             ;
; MISC_FILE                          ; ram_syn.v                                              ; --            ; --          ; --             ;
; MISC_FILE                          ; ff.bsf                                                 ; --            ; --          ; --             ;
; MISC_FILE                          ; ff_inst.v                                              ; --            ; --          ; --             ;
; MISC_FILE                          ; ff_bb.v                                                ; --            ; --          ; --             ;
; MISC_FILE                          ; ff.inc                                                 ; --            ; --          ; --             ;
; MISC_FILE                          ; ff.cmp                                                 ; --            ; --          ; --             ;
; MISC_FILE                          ; ff_syn.v                                               ; --            ; --          ; --             ;
; MISC_FILE                          ; mux32x2x1.bsf                                          ; --            ; --          ; --             ;
; MISC_FILE                          ; mux32x2x1_inst.v                                       ; --            ; --          ; --             ;
; MISC_FILE                          ; mux32x2x1_bb.v                                         ; --            ; --          ; --             ;
; MISC_FILE                          ; mux32x2x1.inc                                          ; --            ; --          ; --             ;
; MISC_FILE                          ; mux32x2x1.cmp                                          ; --            ; --          ; --             ;
; MISC_FILE                          ; adder.bsf                                              ; --            ; --          ; --             ;
; MISC_FILE                          ; adder_inst.v                                           ; --            ; --          ; --             ;
; MISC_FILE                          ; adder_bb.v                                             ; --            ; --          ; --             ;
; MISC_FILE                          ; adder.inc                                              ; --            ; --          ; --             ;
; MISC_FILE                          ; adder.cmp                                              ; --            ; --          ; --             ;
; MISC_FILE                          ; adder_syn.v                                            ; --            ; --          ; --             ;
; MISC_FILE                          ; ff5.bsf                                                ; --            ; --          ; --             ;
; MISC_FILE                          ; ff5_inst.v                                             ; --            ; --          ; --             ;
; MISC_FILE                          ; ff5_bb.v                                               ; --            ; --          ; --             ;
; MISC_FILE                          ; ff5.inc                                                ; --            ; --          ; --             ;
; MISC_FILE                          ; ff5.cmp                                                ; --            ; --          ; --             ;
; MISC_FILE                          ; ff5_syn.v                                              ; --            ; --          ; --             ;
; MISC_FILE                          ; mux5x2x1.bsf                                           ; --            ; --          ; --             ;
; MISC_FILE                          ; mux5x2x1_inst.v                                        ; --            ; --          ; --             ;
; MISC_FILE                          ; mux5x2x1_bb.v                                          ; --            ; --          ; --             ;
; MISC_FILE                          ; mux5x2x1.inc                                           ; --            ; --          ; --             ;
; MISC_FILE                          ; mux5x2x1.cmp                                           ; --            ; --          ; --             ;
; MISC_FILE                          ; mux5x2x1_syn.v                                         ; --            ; --          ; --             ;
; MISC_FILE                          ; PCAdd.bsf                                              ; --            ; --          ; --             ;
; MISC_FILE                          ; PCAdd_inst.v                                           ; --            ; --          ; --             ;
; MISC_FILE                          ; PCAdd_bb.v                                             ; --            ; --          ; --             ;
; MISC_FILE                          ; PCAdd.inc                                              ; --            ; --          ; --             ;
; MISC_FILE                          ; PCAdd.cmp                                              ; --            ; --          ; --             ;
; MISC_FILE                          ; comparator32.bsf                                       ; --            ; --          ; --             ;
; MISC_FILE                          ; comparator32_inst.v                                    ; --            ; --          ; --             ;
; MISC_FILE                          ; comparator32_bb.v                                      ; --            ; --          ; --             ;
; MISC_FILE                          ; comparator32.inc                                       ; --            ; --          ; --             ;
; MISC_FILE                          ; comparator32.cmp                                       ; --            ; --          ; --             ;
; MISC_FILE                          ; xor32.bsf                                              ; --            ; --          ; --             ;
; MISC_FILE                          ; xor32_inst.v                                           ; --            ; --          ; --             ;
; MISC_FILE                          ; xor32_bb.v                                             ; --            ; --          ; --             ;
; MISC_FILE                          ; xor32.inc                                              ; --            ; --          ; --             ;
; MISC_FILE                          ; xor32.cmp                                              ; --            ; --          ; --             ;
; MISC_FILE                          ; not32.bsf                                              ; --            ; --          ; --             ;
; MISC_FILE                          ; not32_inst.v                                           ; --            ; --          ; --             ;
; MISC_FILE                          ; not32_bb.v                                             ; --            ; --          ; --             ;
; MISC_FILE                          ; not32.inc                                              ; --            ; --          ; --             ;
; MISC_FILE                          ; not32.cmp                                              ; --            ; --          ; --             ;
; MISC_FILE                          ; and32.bsf                                              ; --            ; --          ; --             ;
; MISC_FILE                          ; and32_inst.v                                           ; --            ; --          ; --             ;
; MISC_FILE                          ; and32_bb.v                                             ; --            ; --          ; --             ;
; MISC_FILE                          ; and32.inc                                              ; --            ; --          ; --             ;
; MISC_FILE                          ; and32.cmp                                              ; --            ; --          ; --             ;
; MISC_FILE                          ; shift32.bsf                                            ; --            ; --          ; --             ;
; MISC_FILE                          ; shift32_inst.v                                         ; --            ; --          ; --             ;
; MISC_FILE                          ; shift32_bb.v                                           ; --            ; --          ; --             ;
; MISC_FILE                          ; shift32.inc                                            ; --            ; --          ; --             ;
; MISC_FILE                          ; shift32.cmp                                            ; --            ; --          ; --             ;
; MISC_FILE                          ; rotate32.bsf                                           ; --            ; --          ; --             ;
; MISC_FILE                          ; rotate32_inst.v                                        ; --            ; --          ; --             ;
; MISC_FILE                          ; rotate32_bb.v                                          ; --            ; --          ; --             ;
; MISC_FILE                          ; rotate32.inc                                           ; --            ; --          ; --             ;
; MISC_FILE                          ; rotate32.cmp                                           ; --            ; --          ; --             ;
; MISC_FILE                          ; const32.bsf                                            ; --            ; --          ; --             ;
; MISC_FILE                          ; const32_inst.v                                         ; --            ; --          ; --             ;
; MISC_FILE                          ; const32_bb.v                                           ; --            ; --          ; --             ;
; MISC_FILE                          ; const32.inc                                            ; --            ; --          ; --             ;
; MISC_FILE                          ; const32.cmp                                            ; --            ; --          ; --             ;
; MISC_FILE                          ; div32.bsf                                              ; --            ; --          ; --             ;
; MISC_FILE                          ; div32_inst.v                                           ; --            ; --          ; --             ;
; MISC_FILE                          ; div32_bb.v                                             ; --            ; --          ; --             ;
; MISC_FILE                          ; div32.inc                                              ; --            ; --          ; --             ;
; MISC_FILE                          ; div32.cmp                                              ; --            ; --          ; --             ;
; MISC_FILE                          ; decoder.bsf                                            ; --            ; --          ; --             ;
; MISC_FILE                          ; decoder_bb.v                                           ; --            ; --          ; --             ;
; MISC_FILE                          ; decoder.inc                                            ; --            ; --          ; --             ;
; MISC_FILE                          ; lpm_ram_dp0.bsf                                        ; --            ; --          ; --             ;
; MISC_FILE                          ; lpm_ram_dp0_bb.v                                       ; --            ; --          ; --             ;
; MISC_FILE                          ; shftreg.bsf                                            ; --            ; --          ; --             ;
; MISC_FILE                          ; shftreg_inst.v                                         ; --            ; --          ; --             ;
; MISC_FILE                          ; shftreg_bb.v                                           ; --            ; --          ; --             ;
; MISC_FILE                          ; shftreg.inc                                            ; --            ; --          ; --             ;
; MISC_FILE                          ; shftreg.cmp                                            ; --            ; --          ; --             ;
; MISC_FILE                          ; decdr.bsf                                              ; --            ; --          ; --             ;
; MISC_FILE                          ; decdr_inst.v                                           ; --            ; --          ; --             ;
; MISC_FILE                          ; decdr_bb.v                                             ; --            ; --          ; --             ;
; MISC_FILE                          ; decdr.inc                                              ; --            ; --          ; --             ;
; MISC_FILE                          ; decdr.cmp                                              ; --            ; --          ; --             ;
; MISC_FILE                          ; mux1x32x5.bsf                                          ; --            ; --          ; --             ;
; MISC_FILE                          ; mux1x32x5_inst.v                                       ; --            ; --          ; --             ;
; MISC_FILE                          ; mux1x32x5_bb.v                                         ; --            ; --          ; --             ;
; MISC_FILE                          ; mux1x32x5.inc                                          ; --            ; --          ; --             ;
; MISC_FILE                          ; mux1x32x5.cmp                                          ; --            ; --          ; --             ;
; MISC_FILE                          ; cntr.bsf                                               ; --            ; --          ; --             ;
; MISC_FILE                          ; cntr_inst.v                                            ; --            ; --          ; --             ;
; MISC_FILE                          ; cntr_bb.v                                              ; --            ; --          ; --             ;
; MISC_FILE                          ; cntr.inc                                               ; --            ; --          ; --             ;
; MISC_FILE                          ; cntr.cmp                                               ; --            ; --          ; --             ;
; MISC_FILE                          ; lpm_dff0.bsf                                           ; --            ; --          ; --             ;
; MISC_FILE                          ; lpm_dff0_bb.v                                          ; --            ; --          ; --             ;
; MISC_FILE                          ; lpm_dff1.bsf                                           ; --            ; --          ; --             ;
; MISC_FILE                          ; lpm_dff1_bb.v                                          ; --            ; --          ; --             ;
; MISC_FILE                          ; lpm_ram_dp2.bsf                                        ; --            ; --          ; --             ;
; MISC_FILE                          ; lpm_ram_dp2_bb.v                                       ; --            ; --          ; --             ;
; MISC_FILE                          ; lpm_decode0.bsf                                        ; --            ; --          ; --             ;
; MISC_FILE                          ; lpm_decode0_bb.v                                       ; --            ; --          ; --             ;
; MISC_FILE                          ; lpm_mux0.bsf                                           ; --            ; --          ; --             ;
; MISC_FILE                          ; lpm_mux0_bb.v                                          ; --            ; --          ; --             ;
; MISC_FILE                          ; lpm_mux1.bsf                                           ; --            ; --          ; --             ;
; MISC_FILE                          ; lpm_mux1_bb.v                                          ; --            ; --          ; --             ;
; MISC_FILE                          ; lpm_mux2.bsf                                           ; --            ; --          ; --             ;
; MISC_FILE                          ; lpm_mux2_bb.v                                          ; --            ; --          ; --             ;
; MISC_FILE                          ; or32.bsf                                               ; --            ; --          ; --             ;
; MISC_FILE                          ; or32_inst.v                                            ; --            ; --          ; --             ;
; MISC_FILE                          ; or32_bb.v                                              ; --            ; --          ; --             ;
; MISC_FILE                          ; or32.inc                                               ; --            ; --          ; --             ;
; MISC_FILE                          ; or32.cmp                                               ; --            ; --          ; --             ;
; MISC_FILE                          ; comp.bsf                                               ; --            ; --          ; --             ;
; MISC_FILE                          ; comp_inst.v                                            ; --            ; --          ; --             ;
; MISC_FILE                          ; comp_bb.v                                              ; --            ; --          ; --             ;
; MISC_FILE                          ; comp.inc                                               ; --            ; --          ; --             ;
; MISC_FILE                          ; comp.cmp                                               ; --            ; --          ; --             ;
; MISC_FILE                          ; comp2.bsf                                              ; --            ; --          ; --             ;
; MISC_FILE                          ; comp2_inst.v                                           ; --            ; --          ; --             ;
; MISC_FILE                          ; comp2_bb.v                                             ; --            ; --          ; --             ;
; MISC_FILE                          ; comp2.inc                                              ; --            ; --          ; --             ;
; MISC_FILE                          ; comp2.cmp                                              ; --            ; --          ; --             ;
; MISC_FILE                          ; comp3.bsf                                              ; --            ; --          ; --             ;
; MISC_FILE                          ; comp3_inst.v                                           ; --            ; --          ; --             ;
; MISC_FILE                          ; comp3_bb.v                                             ; --            ; --          ; --             ;
; MISC_FILE                          ; comp3.inc                                              ; --            ; --          ; --             ;
; MISC_FILE                          ; comp3.cmp                                              ; --            ; --          ; --             ;
; MISC_FILE                          ; comp4.bsf                                              ; --            ; --          ; --             ;
; MISC_FILE                          ; comp4_inst.v                                           ; --            ; --          ; --             ;
; MISC_FILE                          ; comp4_bb.v                                             ; --            ; --          ; --             ;
; MISC_FILE                          ; comp4.inc                                              ; --            ; --          ; --             ;
; MISC_FILE                          ; comp4.cmp                                              ; --            ; --          ; --             ;
; MISC_FILE                          ; compare5.bsf                                           ; --            ; --          ; --             ;
; MISC_FILE                          ; compare5_inst.v                                        ; --            ; --          ; --             ;
; MISC_FILE                          ; compare5_bb.v                                          ; --            ; --          ; --             ;
; MISC_FILE                          ; compare5.inc                                           ; --            ; --          ; --             ;
; MISC_FILE                          ; compare5.cmp                                           ; --            ; --          ; --             ;
; MISC_FILE                          ; comp7.bsf                                              ; --            ; --          ; --             ;
; MISC_FILE                          ; comp7_inst.v                                           ; --            ; --          ; --             ;
; MISC_FILE                          ; comp7_bb.v                                             ; --            ; --          ; --             ;
; MISC_FILE                          ; comp7.inc                                              ; --            ; --          ; --             ;
; MISC_FILE                          ; comp7.cmp                                              ; --            ; --          ; --             ;
; MISC_FILE                          ; comp8.bsf                                              ; --            ; --          ; --             ;
; MISC_FILE                          ; comp8_inst.v                                           ; --            ; --          ; --             ;
; MISC_FILE                          ; comp8_bb.v                                             ; --            ; --          ; --             ;
; MISC_FILE                          ; comp8.inc                                              ; --            ; --          ; --             ;
; MISC_FILE                          ; comp8.cmp                                              ; --            ; --          ; --             ;
; MISC_FILE                          ; dec32.bsf                                              ; --            ; --          ; --             ;
; MISC_FILE                          ; dec32_inst.v                                           ; --            ; --          ; --             ;
; MISC_FILE                          ; dec32_bb.v                                             ; --            ; --          ; --             ;
; MISC_FILE                          ; dec32.inc                                              ; --            ; --          ; --             ;
; MISC_FILE                          ; dec32.cmp                                              ; --            ; --          ; --             ;
; MISC_FILE                          ; buf32.bsf                                              ; --            ; --          ; --             ;
; MISC_FILE                          ; buf32_inst.v                                           ; --            ; --          ; --             ;
; MISC_FILE                          ; buf32_bb.v                                             ; --            ; --          ; --             ;
; MISC_FILE                          ; buf32.inc                                              ; --            ; --          ; --             ;
; MISC_FILE                          ; buf32.cmp                                              ; --            ; --          ; --             ;
; MISC_FILE                          ; FloatingAdder.bsf                                      ; --            ; --          ; --             ;
; MISC_FILE                          ; FloatingAdder_bb.v                                     ; --            ; --          ; --             ;
; MISC_FILE                          ; MUX6.bsf                                               ; --            ; --          ; --             ;
; MISC_FILE                          ; MUX6_bb.v                                              ; --            ; --          ; --             ;
; MISC_FILE                          ; FMULT.bsf                                              ; --            ; --          ; --             ;
; MISC_FILE                          ; FMULT_bb.v                                             ; --            ; --          ; --             ;
; MISC_FILE                          ; FDIV.bsf                                               ; --            ; --          ; --             ;
; MISC_FILE                          ; FDIV_bb.v                                              ; --            ; --          ; --             ;
; MISC_FILE                          ; FINV.bsf                                               ; --            ; --          ; --             ;
; MISC_FILE                          ; FINV_bb.v                                              ; --            ; --          ; --             ;
; MISC_FILE                          ; FCMP.bsf                                               ; --            ; --          ; --             ;
; MISC_FILE                          ; FCMP_bb.v                                              ; --            ; --          ; --             ;
; MISC_FILE                          ; MUX6_1bit.bsf                                          ; --            ; --          ; --             ;
; MISC_FILE                          ; MUX6_1bit_bb.v                                         ; --            ; --          ; --             ;
; MISC_FILE                          ; FRND.bsf                                               ; --            ; --          ; --             ;
; MISC_FILE                          ; FRND_bb.v                                              ; --            ; --          ; --             ;
; MISC_FILE                          ; const_zero_one_bit.bsf                                 ; --            ; --          ; --             ;
; MISC_FILE                          ; const_zero_one_bit_bb.v                                ; --            ; --          ; --             ;
; MISC_FILE                          ; mux2x1x1.bsf                                           ; --            ; --          ; --             ;
; MISC_FILE                          ; mux2x1x1_bb.v                                          ; --            ; --          ; --             ;
; MISC_FILE                          ; decoder1x2x1.bsf                                       ; --            ; --          ; --             ;
; MISC_FILE                          ; decoder1x2x1_bb.v                                      ; --            ; --          ; --             ;
; MISC_FILE                          ; is_zero.bsf                                            ; --            ; --          ; --             ;
; MISC_FILE                          ; is_zero_bb.v                                           ; --            ; --          ; --             ;
; MISC_FILE                          ; mux5x4x2.bsf                                           ; --            ; --          ; --             ;
; MISC_FILE                          ; mux5x4x2_inst.v                                        ; --            ; --          ; --             ;
; MISC_FILE                          ; mux5x4x2_bb.v                                          ; --            ; --          ; --             ;
; MISC_FILE                          ; mux5x4x2.inc                                           ; --            ; --          ; --             ;
; MISC_FILE                          ; mux5x4x2.cmp                                           ; --            ; --          ; --             ;
; MISC_FILE                          ; comp27.bsf                                             ; --            ; --          ; --             ;
; MISC_FILE                          ; comp27_inst.v                                          ; --            ; --          ; --             ;
; MISC_FILE                          ; comp27_bb.v                                            ; --            ; --          ; --             ;
; MISC_FILE                          ; comp27.inc                                             ; --            ; --          ; --             ;
; MISC_FILE                          ; comp27.cmp                                             ; --            ; --          ; --             ;
; MISC_FILE                          ; comp16.bsf                                             ; --            ; --          ; --             ;
; MISC_FILE                          ; comp16_inst.v                                          ; --            ; --          ; --             ;
; MISC_FILE                          ; comp16_bb.v                                            ; --            ; --          ; --             ;
; MISC_FILE                          ; comp16.inc                                             ; --            ; --          ; --             ;
; MISC_FILE                          ; comp16.cmp                                             ; --            ; --          ; --             ;
; MISC_FILE                          ; comp27g.bsf                                            ; --            ; --          ; --             ;
; MISC_FILE                          ; comp27g_inst.v                                         ; --            ; --          ; --             ;
; MISC_FILE                          ; comp27g_bb.v                                           ; --            ; --          ; --             ;
; MISC_FILE                          ; comp27g.inc                                            ; --            ; --          ; --             ;
; MISC_FILE                          ; comp27g.cmp                                            ; --            ; --          ; --             ;
; MISC_FILE                          ; comp32.bsf                                             ; --            ; --          ; --             ;
; MISC_FILE                          ; comp32_inst.v                                          ; --            ; --          ; --             ;
; MISC_FILE                          ; comp32_bb.v                                            ; --            ; --          ; --             ;
; MISC_FILE                          ; comp32.inc                                             ; --            ; --          ; --             ;
; MISC_FILE                          ; comp32.cmp                                             ; --            ; --          ; --             ;
; MISC_FILE                          ; comp27e.bsf                                            ; --            ; --          ; --             ;
; MISC_FILE                          ; comp27e_inst.v                                         ; --            ; --          ; --             ;
; MISC_FILE                          ; comp27e_bb.v                                           ; --            ; --          ; --             ;
; MISC_FILE                          ; comp27e.inc                                            ; --            ; --          ; --             ;
; MISC_FILE                          ; comp27e.cmp                                            ; --            ; --          ; --             ;
; MISC_FILE                          ; comp25e.bsf                                            ; --            ; --          ; --             ;
; MISC_FILE                          ; comp25e_inst.v                                         ; --            ; --          ; --             ;
; MISC_FILE                          ; comp25e_bb.v                                           ; --            ; --          ; --             ;
; MISC_FILE                          ; comp25e.inc                                            ; --            ; --          ; --             ;
; MISC_FILE                          ; comp25e.cmp                                            ; --            ; --          ; --             ;
; MISC_FILE                          ; ff1pro.bsf                                             ; --            ; --          ; --             ;
; MISC_FILE                          ; ff1pro_inst.v                                          ; --            ; --          ; --             ;
; MISC_FILE                          ; ff1pro_bb.v                                            ; --            ; --          ; --             ;
; MISC_FILE                          ; ff1pro.inc                                             ; --            ; --          ; --             ;
; MISC_FILE                          ; ff1pro.cmp                                             ; --            ; --          ; --             ;
; MISC_FILE                          ; comp28.bsf                                             ; --            ; --          ; --             ;
; MISC_FILE                          ; comp28_inst.v                                          ; --            ; --          ; --             ;
; MISC_FILE                          ; comp28_bb.v                                            ; --            ; --          ; --             ;
; MISC_FILE                          ; comp28.inc                                             ; --            ; --          ; --             ;
; MISC_FILE                          ; comp28.cmp                                             ; --            ; --          ; --             ;
; MISC_FILE                          ; dec16.bsf                                              ; --            ; --          ; --             ;
; MISC_FILE                          ; dec16_inst.v                                           ; --            ; --          ; --             ;
; MISC_FILE                          ; dec16_bb.v                                             ; --            ; --          ; --             ;
; MISC_FILE                          ; dec16.inc                                              ; --            ; --          ; --             ;
; MISC_FILE                          ; dec16.cmp                                              ; --            ; --          ; --             ;
; MISC_FILE                          ; resCounter.bsf                                         ; --            ; --          ; --             ;
; MISC_FILE                          ; resCounter_inst.v                                      ; --            ; --          ; --             ;
; MISC_FILE                          ; resCounter_bb.v                                        ; --            ; --          ; --             ;
; MISC_FILE                          ; resCounter.inc                                         ; --            ; --          ; --             ;
; MISC_FILE                          ; resCounter.cmp                                         ; --            ; --          ; --             ;
; PARTITION_COLOR                    ; 16764057                                               ; --            ; --          ; Top            ;
; PARTITION_NETLIST_TYPE             ; SOURCE                                                 ; --            ; --          ; Top            ;
; USE_GENERATED_PHYSICAL_CONSTRAINTS ; Off                                                    ; --            ; --          ; eda_blast_fpga ;
+------------------------------------+--------------------------------------------------------+---------------+-------------+----------------+


+-----------------------------------------------------------------------------------------------------------------------------+
; Flow Elapsed Time                                                                                                           ;
+-------------------------+--------------+-------------------------+---------------------+------------------------------------+
; Module Name             ; Elapsed Time ; Average Processors Used ; Peak Virtual Memory ; Total CPU Time (on all processors) ;
+-------------------------+--------------+-------------------------+---------------------+------------------------------------+
; Analysis & Synthesis    ; 00:00:24     ; 1.0                     ; 307 MB              ; 00:00:25                           ;
; Fitter                  ; 00:00:13     ; 1.0                     ; 312 MB              ; 00:00:13                           ;
; Assembler               ; 00:00:03     ; 1.0                     ; 262 MB              ; 00:00:03                           ;
; Classic Timing Analyzer ; 00:00:01     ; 1.0                     ; 216 MB              ; 00:00:01                           ;
; Total                   ; 00:00:41     ; --                      ; --                  ; 00:00:42                           ;
+-------------------------+--------------+-------------------------+---------------------+------------------------------------+


+------------------------------------------------------------------------------------------+
; Flow OS Summary                                                                          ;
+-------------------------+------------------+---------------+------------+----------------+
; Module Name             ; Machine Hostname ; OS Name       ; OS Version ; Processor type ;
+-------------------------+------------------+---------------+------------+----------------+
; Analysis & Synthesis    ; 13579135792468   ; Windows Vista ; 6.2        ; x86_64         ;
; Fitter                  ; 13579135792468   ; Windows Vista ; 6.2        ; x86_64         ;
; Assembler               ; 13579135792468   ; Windows Vista ; 6.2        ; x86_64         ;
; Classic Timing Analyzer ; 13579135792468   ; Windows Vista ; 6.2        ; x86_64         ;
+-------------------------+------------------+---------------+------------+----------------+


------------
; Flow Log ;
------------
quartus_map --read_settings_files=on --write_settings_files=off CAP -c CAP
quartus_fit --read_settings_files=off --write_settings_files=off CAP -c CAP
quartus_asm --read_settings_files=off --write_settings_files=off CAP -c CAP
quartus_tan --read_settings_files=off --write_settings_files=off CAP -c CAP --timing_analysis_only



