--------------------------------------------------------------------------------------
Timing Analyzer Summary
--------------------------------------------------------------------------------------

Type           : Worst-case tsu
Slack          : N/A
Required Time  : None
Actual Time    : 3.774 ns
From           : address[2]
To             : lpm_ram_dp1:inst|altsyncram:altsyncram_component|altsyncram_rrq1:auto_generated|ram_block1a14~portb_address_reg2
From Clock     : --
To Clock       : clk
Failed Paths   : 0

Type           : Worst-case tco
Slack          : N/A
Required Time  : None
Actual Time    : 9.123 ns
From           : lpm_ram_dp1:inst|altsyncram:altsyncram_component|altsyncram_rrq1:auto_generated|ram_block1a14~portb_address_reg7
To             : data_out[30]
From Clock     : clk
To Clock       : --
Failed Paths   : 0

Type           : Worst-case th
Slack          : N/A
Required Time  : None
Actual Time    : 0.581 ns
From           : data_in[13]
To             : lpm_ram_dp1:inst|altsyncram:altsyncram_component|altsyncram_rrq1:auto_generated|ram_block1a0~porta_datain_reg13
From Clock     : --
To Clock       : clk
Failed Paths   : 0

Type           : Clock Setup: 'clk'
Slack          : N/A
Required Time  : None
Actual Time    : Restricted to 500.00 MHz ( period = 2.000 ns )
From           : lpm_ram_dp1:inst|altsyncram:altsyncram_component|altsyncram_rrq1:auto_generated|ram_block1a0~porta_datain_reg13
To             : lpm_ram_dp1:inst|altsyncram:altsyncram_component|altsyncram_rrq1:auto_generated|ram_block1a13~porta_memory_reg0
From Clock     : clk
To Clock       : clk
Failed Paths   : 0

Type           : Total number of failed paths
Slack          : 
Required Time  : 
Actual Time    : 
From           : 
To             : 
From Clock     : 
To Clock       : 
Failed Paths   : 0

--------------------------------------------------------------------------------------

