Analysis & Synthesis report for CAP
Mon Jul 20 18:44:30 2020
Quartus II Version 9.0 Build 132 02/25/2009 SJ Web Edition


---------------------
; Table of Contents ;
---------------------
  1. Legal Notice
  2. Analysis & Synthesis Summary
  3. Analysis & Synthesis Settings
  4. Analysis & Synthesis Source Files Read
  5. Analysis & Synthesis Resource Usage Summary
  6. Analysis & Synthesis Resource Utilization by Entity
  7. General Register Statistics
  8. Parameter Settings for User Entity Instance: comp:inst6|lpm_compare:lpm_compare_component
  9. Parameter Settings for User Entity Instance: comp2:inst11|lpm_compare:lpm_compare_component
 10. Parameter Settings for User Entity Instance: comp3:inst12|lpm_compare:lpm_compare_component
 11. Parameter Settings for User Entity Instance: comp4:inst14|lpm_compare:lpm_compare_component
 12. Analysis & Synthesis Messages



----------------
; Legal Notice ;
----------------
Copyright (C) 1991-2009 Altera Corporation
Your use of Altera Corporation's design tools, logic functions 
and other software and tools, and its AMPP partner logic 
functions, and any output files from any of the foregoing 
(including device programming or simulation files), and any 
associated documentation or information are expressly subject 
to the terms and conditions of the Altera Program License 
Subscription Agreement, Altera MegaCore Function License 
Agreement, or other applicable license agreement, including, 
without limitation, that your use is for the sole purpose of 
programming logic devices manufactured by Altera and sold by 
Altera or its authorized distributors.  Please refer to the 
applicable agreement for further details.



+-------------------------------------------------------------------------+
; Analysis & Synthesis Summary                                            ;
+-------------------------------+-----------------------------------------+
; Analysis & Synthesis Status   ; Successful - Mon Jul 20 18:44:30 2020   ;
; Quartus II Version            ; 9.0 Build 132 02/25/2009 SJ Web Edition ;
; Revision Name                 ; CAP                                     ;
; Top-level Entity Name         ; ctrl_sg                                 ;
; Family                        ; Stratix II                              ;
; Logic utilization             ; N/A                                     ;
;     Combinational ALUTs       ; 4                                       ;
;     Dedicated logic registers ; 0                                       ;
; Total registers               ; 0                                       ;
; Total pins                    ; 10                                      ;
; Total virtual pins            ; 0                                       ;
; Total block memory bits       ; 0                                       ;
; DSP block 9-bit elements      ; 0                                       ;
; Total PLLs                    ; 0                                       ;
; Total DLLs                    ; 0                                       ;
+-------------------------------+-----------------------------------------+


+----------------------------------------------------------------------------------------------------------+
; Analysis & Synthesis Settings                                                                            ;
+----------------------------------------------------------------+--------------------+--------------------+
; Option                                                         ; Setting            ; Default Value      ;
+----------------------------------------------------------------+--------------------+--------------------+
; Top-level entity name                                          ; ctrl_sg            ; CAP                ;
; Family name                                                    ; Stratix II         ; Stratix II         ;
; Use Generated Physical Constraints File                        ; Off                ;                    ;
; Use smart compilation                                          ; Off                ; Off                ;
; Restructure Multiplexers                                       ; Auto               ; Auto               ;
; Create Debugging Nodes for IP Cores                            ; Off                ; Off                ;
; Preserve fewer node names                                      ; On                 ; On                 ;
; Disable OpenCore Plus hardware evaluation                      ; Off                ; Off                ;
; Verilog Version                                                ; Verilog_2001       ; Verilog_2001       ;
; VHDL Version                                                   ; VHDL93             ; VHDL93             ;
; State Machine Processing                                       ; Auto               ; Auto               ;
; Safe State Machine                                             ; Off                ; Off                ;
; Extract Verilog State Machines                                 ; On                 ; On                 ;
; Extract VHDL State Machines                                    ; On                 ; On                 ;
; Ignore Verilog initial constructs                              ; Off                ; Off                ;
; Iteration limit for constant Verilog loops                     ; 5000               ; 5000               ;
; Iteration limit for non-constant Verilog loops                 ; 250                ; 250                ;
; Add Pass-Through Logic to Inferred RAMs                        ; On                 ; On                 ;
; Parallel Synthesis                                             ; Off                ; Off                ;
; DSP Block Balancing                                            ; Auto               ; Auto               ;
; NOT Gate Push-Back                                             ; On                 ; On                 ;
; Power-Up Don't Care                                            ; On                 ; On                 ;
; Remove Redundant Logic Cells                                   ; Off                ; Off                ;
; Remove Duplicate Registers                                     ; On                 ; On                 ;
; Ignore CARRY Buffers                                           ; Off                ; Off                ;
; Ignore CASCADE Buffers                                         ; Off                ; Off                ;
; Ignore GLOBAL Buffers                                          ; Off                ; Off                ;
; Ignore ROW GLOBAL Buffers                                      ; Off                ; Off                ;
; Ignore LCELL Buffers                                           ; Off                ; Off                ;
; Ignore SOFT Buffers                                            ; On                 ; On                 ;
; Limit AHDL Integers to 32 Bits                                 ; Off                ; Off                ;
; Optimization Technique                                         ; Balanced           ; Balanced           ;
; Carry Chain Length                                             ; 70                 ; 70                 ;
; Auto Carry Chains                                              ; On                 ; On                 ;
; Auto Open-Drain Pins                                           ; On                 ; On                 ;
; Perform WYSIWYG Primitive Resynthesis                          ; Off                ; Off                ;
; Auto ROM Replacement                                           ; On                 ; On                 ;
; Auto RAM Replacement                                           ; On                 ; On                 ;
; Auto DSP Block Replacement                                     ; On                 ; On                 ;
; Auto Shift Register Replacement                                ; Auto               ; Auto               ;
; Auto Clock Enable Replacement                                  ; On                 ; On                 ;
; Strict RAM Replacement                                         ; Off                ; Off                ;
; Allow Synchronous Control Signals                              ; On                 ; On                 ;
; Force Use of Synchronous Clear Signals                         ; Off                ; Off                ;
; Auto RAM Block Balancing                                       ; On                 ; On                 ;
; Auto RAM to Logic Cell Conversion                              ; Off                ; Off                ;
; Auto Resource Sharing                                          ; Off                ; Off                ;
; Allow Any RAM Size For Recognition                             ; Off                ; Off                ;
; Allow Any ROM Size For Recognition                             ; Off                ; Off                ;
; Allow Any Shift Register Size For Recognition                  ; Off                ; Off                ;
; Use LogicLock Constraints during Resource Balancing            ; On                 ; On                 ;
; Ignore translate_off and synthesis_off directives              ; Off                ; Off                ;
; Timing-Driven Synthesis                                        ; Off                ; Off                ;
; Show Parameter Settings Tables in Synthesis Report             ; On                 ; On                 ;
; Ignore Maximum Fan-Out Assignments                             ; Off                ; Off                ;
; Synchronization Register Chain Length                          ; 2                  ; 2                  ;
; PowerPlay Power Optimization                                   ; Normal compilation ; Normal compilation ;
; HDL message level                                              ; Level2             ; Level2             ;
; Suppress Register Optimization Related Messages                ; Off                ; Off                ;
; Number of Removed Registers Reported in Synthesis Report       ; 100                ; 100                ;
; Number of Inverted Registers Reported in Synthesis Report      ; 100                ; 100                ;
; Clock MUX Protection                                           ; On                 ; On                 ;
; Auto Gated Clock Conversion                                    ; Off                ; Off                ;
; Block Design Naming                                            ; Auto               ; Auto               ;
; SDC constraint protection                                      ; Off                ; Off                ;
; Synthesis Effort                                               ; Auto               ; Auto               ;
; Allows Asynchronous Clear Usage For Shift Register Replacement ; On                 ; On                 ;
; Analysis & Synthesis Message Level                             ; Medium             ; Medium             ;
+----------------------------------------------------------------+--------------------+--------------------+


+---------------------------------------------------------------------------------------------------------------------------------------------------------------------------------+
; Analysis & Synthesis Source Files Read                                                                                                                                          ;
+----------------------------------+-----------------+------------------------------------+---------------------------------------------------------------------------------------+
; File Name with User-Entered Path ; Used in Netlist ; File Type                          ; File Name with Absolute Path                                                          ;
+----------------------------------+-----------------+------------------------------------+---------------------------------------------------------------------------------------+
; memWRsg.bdf                      ; yes             ; User Block Diagram/Schematic File  ; C:/Users/Lenovo/Desktop/CAP/FFFFFF_Hajabdolla/FF_E_Hajabdolla-fix/CAP/memWRsg.bdf     ;
; ctrl_sg.bdf                      ; yes             ; User Block Diagram/Schematic File  ; C:/Users/Lenovo/Desktop/CAP/FFFFFF_Hajabdolla/FF_E_Hajabdolla-fix/CAP/ctrl_sg.bdf     ;
; comp.v                           ; yes             ; User Wizard-Generated File         ; C:/Users/Lenovo/Desktop/CAP/FFFFFF_Hajabdolla/FF_E_Hajabdolla-fix/CAP/comp.v          ;
; comp2.v                          ; yes             ; User Wizard-Generated File         ; C:/Users/Lenovo/Desktop/CAP/FFFFFF_Hajabdolla/FF_E_Hajabdolla-fix/CAP/comp2.v         ;
; comp3.v                          ; yes             ; User Wizard-Generated File         ; C:/Users/Lenovo/Desktop/CAP/FFFFFF_Hajabdolla/FF_E_Hajabdolla-fix/CAP/comp3.v         ;
; comp4.v                          ; yes             ; User Wizard-Generated File         ; C:/Users/Lenovo/Desktop/CAP/FFFFFF_Hajabdolla/FF_E_Hajabdolla-fix/CAP/comp4.v         ;
; lpm_compare.tdf                  ; yes             ; Megafunction                       ; c:/program files/quartus/libraries/megafunctions/lpm_compare.tdf                      ;
; comptree.inc                     ; yes             ; Megafunction                       ; c:/program files/quartus/libraries/megafunctions/comptree.inc                         ;
; altshift.inc                     ; yes             ; Megafunction                       ; c:/program files/quartus/libraries/megafunctions/altshift.inc                         ;
; aglobal90.inc                    ; yes             ; Megafunction                       ; c:/program files/quartus/libraries/megafunctions/aglobal90.inc                        ;
; db/cmpr_r8j.tdf                  ; yes             ; Auto-Generated Megafunction        ; C:/Users/Lenovo/Desktop/CAP/FFFFFF_Hajabdolla/FF_E_Hajabdolla-fix/CAP/db/cmpr_r8j.tdf ;
; db/cmpr_m8j.tdf                  ; yes             ; Auto-Generated Megafunction        ; C:/Users/Lenovo/Desktop/CAP/FFFFFF_Hajabdolla/FF_E_Hajabdolla-fix/CAP/db/cmpr_m8j.tdf ;
; db/cmpr_1cj.tdf                  ; yes             ; Auto-Generated Megafunction        ; C:/Users/Lenovo/Desktop/CAP/FFFFFF_Hajabdolla/FF_E_Hajabdolla-fix/CAP/db/cmpr_1cj.tdf ;
+----------------------------------+-----------------+------------------------------------+---------------------------------------------------------------------------------------+


+-----------------------------------------------------------+
; Analysis & Synthesis Resource Usage Summary               ;
+-----------------------------------------------+-----------+
; Resource                                      ; Usage     ;
+-----------------------------------------------+-----------+
; Estimated ALUTs Used                          ; 4         ;
; Dedicated logic registers                     ; 0         ;
;                                               ;           ;
; Estimated ALUTs Unavailable                   ; 0         ;
;                                               ;           ;
; Total combinational functions                 ; 4         ;
; Combinational ALUT usage by number of inputs  ;           ;
;     -- 7 input functions                      ; 0         ;
;     -- 6 input functions                      ; 1         ;
;     -- 5 input functions                      ; 3         ;
;     -- 4 input functions                      ; 0         ;
;     -- <=3 input functions                    ; 0         ;
;                                               ;           ;
; Combinational ALUTs by mode                   ;           ;
;     -- normal mode                            ; 4         ;
;     -- extended LUT mode                      ; 0         ;
;     -- arithmetic mode                        ; 0         ;
;     -- shared arithmetic mode                 ; 0         ;
;                                               ;           ;
; Estimated ALUT/register pairs used            ; 4         ;
;                                               ;           ;
; Total registers                               ; 0         ;
;     -- Dedicated logic registers              ; 0         ;
;     -- I/O registers                          ; 0         ;
;                                               ;           ;
; Estimated ALMs:  partially or completely used ; 2         ;
;                                               ;           ;
; I/O pins                                      ; 10        ;
; Maximum fan-out node                          ; opcode[5] ;
; Maximum fan-out                               ; 4         ;
; Total fan-out                                 ; 25        ;
; Average fan-out                               ; 1.79      ;
+-----------------------------------------------+-----------+


+-------------------------------------------------------------------------------------------------------------------------------------------------------------------------------------------------+
; Analysis & Synthesis Resource Utilization by Entity                                                                                                                                             ;
+----------------------------+-------------------+--------------+-------------------+--------------+---------+-----------+-----------+------+--------------+-----------------------+--------------+
; Compilation Hierarchy Node ; LC Combinationals ; LC Registers ; Block Memory Bits ; DSP Elements ; DSP 9x9 ; DSP 18x18 ; DSP 36x36 ; Pins ; Virtual Pins ; Full Hierarchy Name   ; Library Name ;
+----------------------------+-------------------+--------------+-------------------+--------------+---------+-----------+-----------+------+--------------+-----------------------+--------------+
; |ctrl_sg                   ; 4 (2)             ; 0 (0)        ; 0                 ; 0            ; 0       ; 0         ; 0         ; 10   ; 0            ; |ctrl_sg              ; work         ;
;    |memWRsg:inst|          ; 2 (2)             ; 0 (0)        ; 0                 ; 0            ; 0       ; 0         ; 0         ; 0    ; 0            ; |ctrl_sg|memWRsg:inst ; work         ;
+----------------------------+-------------------+--------------+-------------------+--------------+---------+-----------+-----------+------+--------------+-----------------------+--------------+
Note: For table entries with two numbers listed, the numbers in parentheses indicate the number of resources of the given type used by the specific entity alone. The numbers listed outside of parentheses indicate the total resources of the given type used by the specific entity and all of its sub-entities in the hierarchy.


+------------------------------------------------------+
; General Register Statistics                          ;
+----------------------------------------------+-------+
; Statistic                                    ; Value ;
+----------------------------------------------+-------+
; Total registers                              ; 0     ;
; Number of registers using Synchronous Clear  ; 0     ;
; Number of registers using Synchronous Load   ; 0     ;
; Number of registers using Asynchronous Clear ; 0     ;
; Number of registers using Asynchronous Load  ; 0     ;
; Number of registers using Clock Enable       ; 0     ;
; Number of registers using Preset             ; 0     ;
+----------------------------------------------+-------+


+-------------------------------------------------------------------------------------------+
; Parameter Settings for User Entity Instance: comp:inst6|lpm_compare:lpm_compare_component ;
+------------------------+------------+-----------------------------------------------------+
; Parameter Name         ; Value      ; Type                                                ;
+------------------------+------------+-----------------------------------------------------+
; lpm_width              ; 6          ; Signed Integer                                      ;
; LPM_REPRESENTATION     ; UNSIGNED   ; Untyped                                             ;
; LPM_PIPELINE           ; 0          ; Untyped                                             ;
; CHAIN_SIZE             ; 8          ; Untyped                                             ;
; ONE_INPUT_IS_CONSTANT  ; YES        ; Untyped                                             ;
; CARRY_CHAIN            ; MANUAL     ; Untyped                                             ;
; CASCADE_CHAIN          ; MANUAL     ; Untyped                                             ;
; CARRY_CHAIN_LENGTH     ; 48         ; CARRY_CHAIN_LENGTH                                  ;
; CASCADE_CHAIN_LENGTH   ; 2          ; CASCADE_CHAIN_LENGTH                                ;
; DEVICE_FAMILY          ; Stratix II ; Untyped                                             ;
; CBXI_PARAMETER         ; cmpr_r8j   ; Untyped                                             ;
; AUTO_CARRY_CHAINS      ; ON         ; AUTO_CARRY                                          ;
; IGNORE_CARRY_BUFFERS   ; OFF        ; IGNORE_CARRY                                        ;
; AUTO_CASCADE_CHAINS    ; ON         ; AUTO_CASCADE                                        ;
; IGNORE_CASCADE_BUFFERS ; OFF        ; IGNORE_CASCADE                                      ;
+------------------------+------------+-----------------------------------------------------+
Note: In order to hide this table in the UI and the text report file, please set the "Show Parameter Settings Tables in Synthesis Report" option in "Analysis and Synthesis Settings -> More Settings" to "Off".


+---------------------------------------------------------------------------------------------+
; Parameter Settings for User Entity Instance: comp2:inst11|lpm_compare:lpm_compare_component ;
+------------------------+------------+-------------------------------------------------------+
; Parameter Name         ; Value      ; Type                                                  ;
+------------------------+------------+-------------------------------------------------------+
; lpm_width              ; 6          ; Signed Integer                                        ;
; LPM_REPRESENTATION     ; UNSIGNED   ; Untyped                                               ;
; LPM_PIPELINE           ; 0          ; Untyped                                               ;
; CHAIN_SIZE             ; 8          ; Untyped                                               ;
; ONE_INPUT_IS_CONSTANT  ; YES        ; Untyped                                               ;
; CARRY_CHAIN            ; MANUAL     ; Untyped                                               ;
; CASCADE_CHAIN          ; MANUAL     ; Untyped                                               ;
; CARRY_CHAIN_LENGTH     ; 48         ; CARRY_CHAIN_LENGTH                                    ;
; CASCADE_CHAIN_LENGTH   ; 2          ; CASCADE_CHAIN_LENGTH                                  ;
; DEVICE_FAMILY          ; Stratix II ; Untyped                                               ;
; CBXI_PARAMETER         ; cmpr_r8j   ; Untyped                                               ;
; AUTO_CARRY_CHAINS      ; ON         ; AUTO_CARRY                                            ;
; IGNORE_CARRY_BUFFERS   ; OFF        ; IGNORE_CARRY                                          ;
; AUTO_CASCADE_CHAINS    ; ON         ; AUTO_CASCADE                                          ;
; IGNORE_CASCADE_BUFFERS ; OFF        ; IGNORE_CASCADE                                        ;
+------------------------+------------+-------------------------------------------------------+
Note: In order to hide this table in the UI and the text report file, please set the "Show Parameter Settings Tables in Synthesis Report" option in "Analysis and Synthesis Settings -> More Settings" to "Off".


+---------------------------------------------------------------------------------------------+
; Parameter Settings for User Entity Instance: comp3:inst12|lpm_compare:lpm_compare_component ;
+------------------------+------------+-------------------------------------------------------+
; Parameter Name         ; Value      ; Type                                                  ;
+------------------------+------------+-------------------------------------------------------+
; lpm_width              ; 6          ; Signed Integer                                        ;
; LPM_REPRESENTATION     ; UNSIGNED   ; Untyped                                               ;
; LPM_PIPELINE           ; 0          ; Untyped                                               ;
; CHAIN_SIZE             ; 8          ; Untyped                                               ;
; ONE_INPUT_IS_CONSTANT  ; YES        ; Untyped                                               ;
; CARRY_CHAIN            ; MANUAL     ; Untyped                                               ;
; CASCADE_CHAIN          ; MANUAL     ; Untyped                                               ;
; CARRY_CHAIN_LENGTH     ; 48         ; CARRY_CHAIN_LENGTH                                    ;
; CASCADE_CHAIN_LENGTH   ; 2          ; CASCADE_CHAIN_LENGTH                                  ;
; DEVICE_FAMILY          ; Stratix II ; Untyped                                               ;
; CBXI_PARAMETER         ; cmpr_m8j   ; Untyped                                               ;
; AUTO_CARRY_CHAINS      ; ON         ; AUTO_CARRY                                            ;
; IGNORE_CARRY_BUFFERS   ; OFF        ; IGNORE_CARRY                                          ;
; AUTO_CASCADE_CHAINS    ; ON         ; AUTO_CASCADE                                          ;
; IGNORE_CASCADE_BUFFERS ; OFF        ; IGNORE_CASCADE                                        ;
+------------------------+------------+-------------------------------------------------------+
Note: In order to hide this table in the UI and the text report file, please set the "Show Parameter Settings Tables in Synthesis Report" option in "Analysis and Synthesis Settings -> More Settings" to "Off".


+---------------------------------------------------------------------------------------------+
; Parameter Settings for User Entity Instance: comp4:inst14|lpm_compare:lpm_compare_component ;
+------------------------+------------+-------------------------------------------------------+
; Parameter Name         ; Value      ; Type                                                  ;
+------------------------+------------+-------------------------------------------------------+
; lpm_width              ; 5          ; Signed Integer                                        ;
; LPM_REPRESENTATION     ; UNSIGNED   ; Untyped                                               ;
; LPM_PIPELINE           ; 0          ; Untyped                                               ;
; CHAIN_SIZE             ; 8          ; Untyped                                               ;
; ONE_INPUT_IS_CONSTANT  ; YES        ; Untyped                                               ;
; CARRY_CHAIN            ; MANUAL     ; Untyped                                               ;
; CASCADE_CHAIN          ; MANUAL     ; Untyped                                               ;
; CARRY_CHAIN_LENGTH     ; 48         ; CARRY_CHAIN_LENGTH                                    ;
; CASCADE_CHAIN_LENGTH   ; 2          ; CASCADE_CHAIN_LENGTH                                  ;
; DEVICE_FAMILY          ; Stratix II ; Untyped                                               ;
; CBXI_PARAMETER         ; cmpr_1cj   ; Untyped                                               ;
; AUTO_CARRY_CHAINS      ; ON         ; AUTO_CARRY                                            ;
; IGNORE_CARRY_BUFFERS   ; OFF        ; IGNORE_CARRY                                          ;
; AUTO_CASCADE_CHAINS    ; ON         ; AUTO_CASCADE                                          ;
; IGNORE_CASCADE_BUFFERS ; OFF        ; IGNORE_CASCADE                                        ;
+------------------------+------------+-------------------------------------------------------+
Note: In order to hide this table in the UI and the text report file, please set the "Show Parameter Settings Tables in Synthesis Report" option in "Analysis and Synthesis Settings -> More Settings" to "Off".


+-------------------------------+
; Analysis & Synthesis Messages ;
+-------------------------------+
Info: *******************************************************************
Info: Running Quartus II Analysis & Synthesis
    Info: Version 9.0 Build 132 02/25/2009 SJ Web Edition
    Info: Processing started: Mon Jul 20 18:44:28 2020
Info: Command: quartus_map --read_settings_files=on --write_settings_files=off CAP -c CAP
Info: Found 1 design units, including 1 entities, in source file PC_selector.bdf
    Info: Found entity 1: PC_selector
Info: Found 1 design units, including 1 entities, in source file ram.v
    Info: Found entity 1: ram
Info: Found 1 design units, including 1 entities, in source file CAP.bdf
    Info: Found entity 1: CAP
Info: Found 1 design units, including 1 entities, in source file fetch.bdf
    Info: Found entity 1: fetch
Info: Found 1 design units, including 1 entities, in source file block_name.bdf
    Info: Found entity 1: block_name
Info: Found 1 design units, including 1 entities, in source file ALU.bdf
    Info: Found entity 1: ALU
Info: Found 1 design units, including 1 entities, in source file sign_extend.bdf
    Info: Found entity 1: sign_extend
Info: Found 1 design units, including 1 entities, in source file Register_File.bdf
    Info: Found entity 1: Register_File
Info: Found 1 design units, including 1 entities, in source file ff.v
    Info: Found entity 1: ff
Info: Found 1 design units, including 1 entities, in source file mux32x2x1.v
    Info: Found entity 1: mux32x2x1
Info: Found 1 design units, including 1 entities, in source file adder.v
    Info: Found entity 1: adder
Info: Found 1 design units, including 1 entities, in source file shift2.bdf
    Info: Found entity 1: shift2
Info: Found 1 design units, including 1 entities, in source file ff5.v
    Info: Found entity 1: ff5
Info: Found 1 design units, including 1 entities, in source file mux5x2x1.v
    Info: Found entity 1: mux5x2x1
Info: Found 1 design units, including 1 entities, in source file RS_decode.bdf
    Info: Found entity 1: RS_decode
Info: Found 1 design units, including 1 entities, in source file PCAdd.v
    Info: Found entity 1: PCAdd
Info: Found 1 design units, including 1 entities, in source file Instruction_MEM.bdf
    Info: Found entity 1: Instruction_MEM
Info: Found 1 design units, including 1 entities, in source file data_MEM.bdf
    Info: Found entity 1: data_MEM
Info: Found 1 design units, including 1 entities, in source file comparator32.v
    Info: Found entity 1: comparator32
Info: Found 1 design units, including 1 entities, in source file xor32.v
    Info: Found entity 1: xor32
Info: Found 1 design units, including 1 entities, in source file not32.v
    Info: Found entity 1: not32
Info: Found 1 design units, including 1 entities, in source file and32.v
    Info: Found entity 1: and32
Info: Found 1 design units, including 1 entities, in source file shift32.v
    Info: Found entity 1: shift32
Info: Found 1 design units, including 1 entities, in source file rotate32.v
    Info: Found entity 1: rotate32
Info: Found 2 design units, including 2 entities, in source file const32.v
    Info: Found entity 1: const32_lpm_constant_s09
    Info: Found entity 2: const32
Info: Found 1 design units, including 1 entities, in source file div32.v
    Info: Found entity 1: div32
Info: Found 1 design units, including 1 entities, in source file decoder.v
    Info: Found entity 1: decoder
Info: Found 1 design units, including 1 entities, in source file lpm_ram_dp0.v
    Info: Found entity 1: lpm_ram_dp0
Info: Found 1 design units, including 1 entities, in source file shftreg.v
    Info: Found entity 1: shftreg
Info: Found 1 design units, including 1 entities, in source file Staller.bdf
    Info: Found entity 1: Staller
Info: Found 1 design units, including 1 entities, in source file Stall_Array.bdf
    Info: Found entity 1: Stall_Array
Info: Found 1 design units, including 1 entities, in source file decdr.v
    Info: Found entity 1: decdr
Info: Found 1 design units, including 1 entities, in source file mux1x32x5.v
    Info: Found entity 1: mux1x32x5
Info: Found 1 design units, including 1 entities, in source file cntr.v
    Info: Found entity 1: cntr
Info: Found 1 design units, including 1 entities, in source file R_WN_decode.bdf
    Info: Found entity 1: R_WN_decode
Info: Found 1 design units, including 1 entities, in source file lpm_dff0.v
    Info: Found entity 1: lpm_dff0
Info: Found 1 design units, including 1 entities, in source file WBE_decode.bdf
    Info: Found entity 1: WBE_decode
Info: Found 1 design units, including 1 entities, in source file lpm_dff1.v
    Info: Found entity 1: lpm_dff1
Info: Found 1 design units, including 1 entities, in source file lpm_ram_dp2.v
    Info: Found entity 1: lpm_ram_dp2
Info: Found 1 design units, including 1 entities, in source file lpm_decode0.v
    Info: Found entity 1: lpm_decode0
Info: Found 1 design units, including 1 entities, in source file lpm_mux0.v
    Info: Found entity 1: lpm_mux0
Info: Found 1 design units, including 1 entities, in source file lpm_mux1.v
    Info: Found entity 1: lpm_mux1
Info: Found 1 design units, including 1 entities, in source file lpm_mux2.v
    Info: Found entity 1: lpm_mux2
Info: Found 1 design units, including 1 entities, in source file or32.v
    Info: Found entity 1: or32
Info: Found 1 design units, including 1 entities, in source file memWRsg.bdf
    Info: Found entity 1: memWRsg
Info: Found 1 design units, including 1 entities, in source file ctrl_sg.bdf
    Info: Found entity 1: ctrl_sg
Info: Found 1 design units, including 1 entities, in source file comp.v
    Info: Found entity 1: comp
Info: Found 1 design units, including 1 entities, in source file comp2.v
    Info: Found entity 1: comp2
Info: Found 1 design units, including 1 entities, in source file comp3.v
    Info: Found entity 1: comp3
Info: Found 1 design units, including 1 entities, in source file comp4.v
    Info: Found entity 1: comp4
Info: Found 1 design units, including 1 entities, in source file compare5.v
    Info: Found entity 1: compare5
Info: Found 1 design units, including 1 entities, in source file comp7.v
    Info: Found entity 1: comp7
Info: Found 1 design units, including 1 entities, in source file comp8.v
    Info: Found entity 1: comp8
Info: Elaborating entity "ctrl_sg" for the top level hierarchy
Info: Elaborating entity "comp" for hierarchy "comp:inst6"
Info: Elaborating entity "lpm_compare" for hierarchy "comp:inst6|lpm_compare:lpm_compare_component"
Info: Elaborated megafunction instantiation "comp:inst6|lpm_compare:lpm_compare_component"
Info: Instantiated megafunction "comp:inst6|lpm_compare:lpm_compare_component" with the following parameter:
    Info: Parameter "lpm_hint" = "ONE_INPUT_IS_CONSTANT=YES"
    Info: Parameter "lpm_representation" = "UNSIGNED"
    Info: Parameter "lpm_type" = "LPM_COMPARE"
    Info: Parameter "lpm_width" = "6"
Info: Found 1 design units, including 1 entities, in source file db/cmpr_r8j.tdf
    Info: Found entity 1: cmpr_r8j
Info: Elaborating entity "cmpr_r8j" for hierarchy "comp:inst6|lpm_compare:lpm_compare_component|cmpr_r8j:auto_generated"
Info: Elaborating entity "comp2" for hierarchy "comp2:inst11"
Info: Elaborating entity "comp3" for hierarchy "comp3:inst12"
Info: Elaborating entity "lpm_compare" for hierarchy "comp3:inst12|lpm_compare:lpm_compare_component"
Info: Elaborated megafunction instantiation "comp3:inst12|lpm_compare:lpm_compare_component"
Info: Instantiated megafunction "comp3:inst12|lpm_compare:lpm_compare_component" with the following parameter:
    Info: Parameter "lpm_hint" = "ONE_INPUT_IS_CONSTANT=YES"
    Info: Parameter "lpm_representation" = "UNSIGNED"
    Info: Parameter "lpm_type" = "LPM_COMPARE"
    Info: Parameter "lpm_width" = "6"
Info: Found 1 design units, including 1 entities, in source file db/cmpr_m8j.tdf
    Info: Found entity 1: cmpr_m8j
Info: Elaborating entity "cmpr_m8j" for hierarchy "comp3:inst12|lpm_compare:lpm_compare_component|cmpr_m8j:auto_generated"
Info: Elaborating entity "comp4" for hierarchy "comp4:inst14"
Info: Elaborating entity "lpm_compare" for hierarchy "comp4:inst14|lpm_compare:lpm_compare_component"
Info: Elaborated megafunction instantiation "comp4:inst14|lpm_compare:lpm_compare_component"
Info: Instantiated megafunction "comp4:inst14|lpm_compare:lpm_compare_component" with the following parameter:
    Info: Parameter "lpm_hint" = "ONE_INPUT_IS_CONSTANT=YES"
    Info: Parameter "lpm_representation" = "UNSIGNED"
    Info: Parameter "lpm_type" = "LPM_COMPARE"
    Info: Parameter "lpm_width" = "5"
Info: Found 1 design units, including 1 entities, in source file db/cmpr_1cj.tdf
    Info: Found entity 1: cmpr_1cj
Info: Elaborating entity "cmpr_1cj" for hierarchy "comp4:inst14|lpm_compare:lpm_compare_component|cmpr_1cj:auto_generated"
Info: Elaborating entity "memWRsg" for hierarchy "memWRsg:inst"
Info: Implemented 14 device resources after synthesis - the final resource count might be different
    Info: Implemented 6 input pins
    Info: Implemented 4 output pins
    Info: Implemented 4 logic cells
Info: Quartus II Analysis & Synthesis was successful. 0 errors, 0 warnings
    Info: Peak virtual memory: 234 megabytes
    Info: Processing ended: Mon Jul 20 18:44:30 2020
    Info: Elapsed time: 00:00:02
    Info: Total CPU time (on all processors): 00:00:02


